
> silh@0.1.0 build
> next build

Ôû▓ Next.js 16.2.7 (Turbopack)
- Environments: .env.local, .env

  Creating an optimized production build ...
Ô£ô Compiled successfully in 57s
  Running TypeScript ...
  Finished TypeScript in 94s ...
  Collecting page data using 7 workers ...
  Generating static pages using 7 workers (0/201) ...
  Generating static pages using 7 workers (50/201) 
  Generating static pages using 7 workers (100/201) 
  Generating static pages using 7 workers (150/201) 
Ô£ô Generating static pages using 7 workers (201/201) in 48s
  Finalizing page optimization ...

Route (app)
Ôöî Ôùï /_not-found
Ôö£ ÔùÅ /[locale]
Ôöé Ôö£ /en
Ôöé Ôö£ /sv
Ôöé Ôö£ /fr
Ôöé Ôöö /de
Ôö£ ÔùÅ /[locale]/about
Ôöé Ôö£ /en/about
Ôöé Ôö£ /sv/about
Ôöé Ôö£ /fr/about
Ôöé Ôöö /de/about
Ôö£ ÔùÅ /[locale]/academic-pilot
Ôöé Ôö£ /en/academic-pilot
Ôöé Ôö£ /sv/academic-pilot
Ôöé Ôö£ /fr/academic-pilot
Ôöé Ôöö /de/academic-pilot
Ôö£ ãÆ /[locale]/account/subscriptions
Ôö£ ÔùÅ /[locale]/auth/error
Ôöé Ôö£ /en/auth/error
Ôöé Ôö£ /sv/auth/error
Ôöé Ôö£ /fr/auth/error
Ôöé Ôöö /de/auth/error
Ôö£ ÔùÅ /[locale]/auth/signin
Ôöé Ôö£ /en/auth/signin
Ôöé Ôö£ /sv/auth/signin
Ôöé Ôö£ /fr/auth/signin
Ôöé Ôöö /de/auth/signin
Ôö£ ÔùÅ /[locale]/auth/signup
Ôöé Ôö£ /en/auth/signup
Ôöé Ôö£ /sv/auth/signup
Ôöé Ôö£ /fr/auth/signup
Ôöé Ôöö /de/auth/signup
Ôö£ ÔùÅ /[locale]/careers
Ôöé Ôö£ /en/careers
Ôöé Ôö£ /sv/careers
Ôöé Ôö£ /fr/careers
Ôöé Ôöö /de/careers
Ôö£ ÔùÅ /[locale]/cart
Ôöé Ôö£ /en/cart
Ôöé Ôö£ /sv/cart
Ôöé Ôö£ /fr/cart
Ôöé Ôöö /de/cart
Ôö£ ãÆ /[locale]/checkout
Ôö£ ÔùÅ /[locale]/consent
Ôöé Ôö£ /en/consent
Ôöé Ôö£ /sv/consent
Ôöé Ôö£ /fr/consent
Ôöé Ôöö /de/consent
Ôö£ ÔùÅ /[locale]/contact
Ôöé Ôö£ /en/contact
Ôöé Ôö£ /sv/contact
Ôöé Ôö£ /fr/contact
Ôöé Ôöö /de/contact
Ôö£ ÔùÅ /[locale]/create-account
Ôöé Ôö£ /en/create-account
Ôöé Ôö£ /sv/create-account
Ôöé Ôö£ /fr/create-account
Ôöé Ôöö /de/create-account
Ôö£ ÔùÅ /[locale]/insights
Ôöé Ôö£ /en/insights
Ôöé Ôö£ /sv/insights
Ôöé Ôö£ /fr/insights
Ôöé Ôöö /de/insights
Ôö£ ãÆ /[locale]/insights/[slug]
Ôö£ ÔùÅ /[locale]/legal
Ôöé Ôö£ /en/legal
Ôöé Ôö£ /sv/legal
Ôöé Ôö£ /fr/legal
Ôöé Ôöö /de/legal
Ôö£ ÔùÅ /[locale]/privacy
Ôöé Ôö£ /en/privacy
Ôöé Ôö£ /sv/privacy
Ôöé Ôö£ /fr/privacy
Ôöé Ôöö /de/privacy
Ôö£ ÔùÅ /[locale]/products
Ôöé Ôö£ /en/products
Ôöé Ôö£ /sv/products
Ôöé Ôö£ /fr/products
Ôöé Ôöö /de/products
Ôö£ ÔùÅ /[locale]/products/malaika-control-tower
Ôöé Ôö£ /en/products/malaika-control-tower
Ôöé Ôö£ /sv/products/malaika-control-tower
Ôöé Ôö£ /fr/products/malaika-control-tower
Ôöé Ôöö /de/products/malaika-control-tower
Ôö£ ÔùÅ /[locale]/products/mct
Ôöé Ôö£ /en/products/mct
Ôöé Ôö£ /sv/products/mct
Ôöé Ôö£ /fr/products/mct
Ôöé Ôöö /de/products/mct
Ôö£ ÔùÅ /[locale]/products/mct/[packageSlug]
Ôöé Ôö£ /en/products/mct/basic
Ôöé Ôö£ /en/products/mct/professional
Ôöé Ôö£ /en/products/mct/premium
Ôöé Ôöö [+13 more paths]
Ôö£ ÔùÅ /[locale]/products/mct/integrations
Ôöé Ôö£ /en/products/mct/integrations
Ôöé Ôö£ /sv/products/mct/integrations
Ôöé Ôö£ /fr/products/mct/integrations
Ôöé Ôöö /de/products/mct/integrations
Ôö£ ÔùÅ /[locale]/products/mct/pricing
Ôöé Ôö£ /en/products/mct/pricing
Ôöé Ôö£ /sv/products/mct/pricing
Ôöé Ôö£ /fr/products/mct/pricing
Ôöé Ôöö /de/products/mct/pricing
Ôö£ ÔùÅ /[locale]/products/nayeli-bim-control
Ôöé Ôö£ /en/products/nayeli-bim-control
Ôöé Ôö£ /sv/products/nayeli-bim-control
Ôöé Ôö£ /fr/products/nayeli-bim-control
Ôöé Ôöö /de/products/nayeli-bim-control
Ôö£ ÔùÅ /[locale]/products/nbc
Ôöé Ôö£ /en/products/nbc
Ôöé Ôö£ /sv/products/nbc
Ôöé Ôö£ /fr/products/nbc
Ôöé Ôöö /de/products/nbc
Ôö£ ÔùÅ /[locale]/resources
Ôöé Ôö£ /en/resources
Ôöé Ôö£ /sv/resources
Ôöé Ôö£ /fr/resources
Ôöé Ôöö /de/resources
Ôö£ ÔùÅ /[locale]/resources/help-guides
Ôöé Ôö£ /en/resources/help-guides
Ôöé Ôö£ /sv/resources/help-guides
Ôöé Ôö£ /fr/resources/help-guides
Ôöé Ôöö /de/resources/help-guides
Ôö£ ÔùÅ /[locale]/resources/insights
Ôöé Ôö£ /en/resources/insights
Ôöé Ôö£ /sv/resources/insights
Ôöé Ôö£ /fr/resources/insights
Ôöé Ôöö /de/resources/insights
Ôö£ ÔùÅ /[locale]/resources/integrations
Ôöé Ôö£ /en/resources/integrations
Ôöé Ôö£ /sv/resources/integrations
Ôöé Ôö£ /fr/resources/integrations
Ôöé Ôöö /de/resources/integrations
Ôö£ ÔùÅ /[locale]/resources/problem-library
Ôöé Ôö£ /en/resources/problem-library
Ôöé Ôö£ /sv/resources/problem-library
Ôöé Ôö£ /fr/resources/problem-library
Ôöé Ôöö /de/resources/problem-library
Ôö£ ÔùÅ /[locale]/resources/release-notes
Ôöé Ôö£ /en/resources/release-notes
Ôöé Ôö£ /sv/resources/release-notes
Ôöé Ôö£ /fr/resources/release-notes
Ôöé Ôöö /de/resources/release-notes
Ôö£ ÔùÅ /[locale]/resources/research-thesis
Ôöé Ôö£ /en/resources/research-thesis
Ôöé Ôö£ /sv/resources/research-thesis
Ôöé Ôö£ /fr/resources/research-thesis
Ôöé Ôöö /de/resources/research-thesis
Ôö£ ÔùÅ /[locale]/services
Ôöé Ôö£ /en/services
Ôöé Ôö£ /sv/services
Ôöé Ôö£ /fr/services
Ôöé Ôöö /de/services
Ôö£ ãÆ /[locale]/services/[slug]
Ôö£ ÔùÅ /[locale]/signin
Ôöé Ôö£ /en/signin
Ôöé Ôö£ /sv/signin
Ôöé Ôö£ /fr/signin
Ôöé Ôöö /de/signin
Ôö£ ÔùÅ /[locale]/solutions/[solutionSlug]
Ôöé Ôö£ /en/solutions/transport-logistics-africa
Ôöé Ôö£ /en/solutions/global-bim-control
Ôöé Ôö£ /sv/solutions/transport-logistics-africa
Ôöé Ôöö [+5 more paths]
Ôö£ ÔùÅ /[locale]/subscriptions
Ôöé Ôö£ /en/subscriptions
Ôöé Ôö£ /sv/subscriptions
Ôöé Ôö£ /fr/subscriptions
Ôöé Ôöö /de/subscriptions
Ôö£ ãÆ /admin
Ôö£ ãÆ /admin/access
Ôö£ ãÆ /admin/add-ons
Ôö£ ãÆ /admin/audit-logs
Ôö£ ãÆ /admin/dashboard
Ôö£ ãÆ /admin/finance
Ôö£ ãÆ /admin/invoices
Ôö£ ãÆ /admin/notifications
Ôö£ ãÆ /admin/plans
Ôö£ ãÆ /admin/quotes
Ôö£ ãÆ /admin/reports
Ôö£ ãÆ /admin/settings
Ôö£ ãÆ /admin/subscribers
Ôö£ ãÆ /admin/subscribers/[id]
Ôö£ ãÆ /admin/subscriptions
Ôö£ ãÆ /api/account/subscriptions
Ôö£ ãÆ /api/admin/access
Ôö£ ãÆ /api/admin/access/add-user
Ôö£ ãÆ /api/admin/access/reactivate-company
Ôö£ ãÆ /api/admin/access/remove-user
Ôö£ ãÆ /api/admin/access/suspend-company
Ôö£ ãÆ /api/admin/add-ons
Ôö£ ãÆ /api/admin/add-ons/[id]
Ôö£ ãÆ /api/admin/audit-logs
Ôö£ ãÆ /api/admin/dashboard
Ôö£ ãÆ /api/admin/invoices
Ôö£ ãÆ /api/admin/invoices/[id]
Ôö£ ãÆ /api/admin/invoices/[id]/mark-paid
Ôö£ ãÆ /api/admin/invoices/[id]/send
Ôö£ ãÆ /api/admin/invoices/export
Ôö£ ãÆ /api/admin/plans
Ôö£ ãÆ /api/admin/plans/[id]
Ôö£ ãÆ /api/admin/quotes
Ôö£ ãÆ /api/admin/quotes/[id]
Ôö£ ãÆ /api/admin/quotes/[id]/convert-to-subscription
Ôö£ ãÆ /api/admin/reports/churn
Ôö£ ãÆ /api/admin/reports/invoices
Ôö£ ãÆ /api/admin/reports/quotes
Ôö£ ãÆ /api/admin/reports/revenue
Ôö£ ãÆ /api/admin/reports/subscribers
Ôö£ ãÆ /api/admin/reports/vat
Ôö£ ãÆ /api/admin/subscribers
Ôö£ ãÆ /api/admin/subscribers/[id]
Ôö£ ãÆ /api/admin/subscribers/[id]/reactivate
Ôö£ ãÆ /api/admin/subscribers/[id]/suspend
Ôö£ ãÆ /api/admin/subscriptions
Ôö£ ãÆ /api/admin/subscriptions/[id]/add-seats
Ôö£ ãÆ /api/admin/subscriptions/[id]/cancel-renewal
Ôö£ ãÆ /api/admin/subscriptions/[id]/change-plan
Ôö£ ãÆ /api/admin/subscriptions/[id]/reactivate
Ôö£ ãÆ /api/admin/transactions
Ôö£ ãÆ /api/admin/transactions/[id]
Ôö£ ãÆ /api/admin/transactions/[id]/refund
Ôö£ ãÆ /api/admin/transactions/export
Ôö£ ãÆ /api/auth/[...nextauth]
Ôö£ ãÆ /api/cart
Ôö£ ãÆ /api/checkout/session
Ôö£ ãÆ /api/quote-request
Ôö£ ãÆ /api/subscriptions/add-seats
Ôö£ ãÆ /api/subscriptions/change-plan
Ôöö Ôùï /icon.svg


ãÆ Proxy (Middleware)

Ôùï  (Static)   prerendered as static content
ÔùÅ  (SSG)      prerendered as static HTML (uses generateStaticParams)
ãÆ  (Dynamic)  server-rendered on demand

